// Vitest Snapshot v1, https://vitest.dev/guide/snapshot.html

exports[`generateOutputHtml > produces valid HTML 1`] = `
"<!-- Generated by ai2html v123.45.56 - 2025-01-02 12:34 -->
<!-- ai file: test.ai -->
<style media="screen,print">
#ns-test-box .ns-aiAltText {
	position:absolute;
	left:-10000px;
	width:1px;
	height:1px;
	overflow:hidden;
	white-space:nowrap;
}
#ns-test-box .ns-ai2htmlLink {
	display:block;
}
#ns-test-box p {
	margin:0;
}
#ns-test-box .ns-aiAbs {
	position:absolute;
}
#ns-test-box .ns-aiImg {
	position:absolute;
	top:0;
	display:block;
	width:100% !important;
}
#ns-test-box .ns-aiSymbol {
	position:absolute;
	box-sizing:border-box;
}
#ns-test-box .ns-aiPointText p {
	white-space:nowrap;
}
</style><div id="ns-test-box" class="ai2html"   aria-describedby="ns-test-box-img-desc"><div class="ns-aiAltText" id="ns-test-box-img-desc">alt text goes here</div></div>
<!-- End ai2html 2025-01-02 12:34 - 2025-01-02 12:34 -->"
`;
