// Vitest Snapshot v1, https://vitest.dev/guide/snapshot.html

exports[`injectCSSinSVG() > injects a <style> element at the end of an <svg> element 1`] = `"<svg><rect x1='1' x2='5'></rect><style>rect {fill: red}</style></svg>"`;
